Component: ARM Compiler 5.06 update 5 (build 528) Tool: armlink [4d35e2]

==============================================================================

Section Cross References

    startup_stm32f429_439xx.o(RESET) refers to startup_stm32f429_439xx.o(STACK) for __initial_sp
    startup_stm32f429_439xx.o(RESET) refers to startup_stm32f429_439xx.o(.text) for Reset_Handler
    startup_stm32f429_439xx.o(RESET) refers to stm32f4xx_it.o(i.NMI_Handler) for NMI_Handler
    startup_stm32f429_439xx.o(RESET) refers to stm32f4xx_it.o(i.HardFault_Handler) for HardFault_Handler
    startup_stm32f429_439xx.o(RESET) refers to stm32f4xx_it.o(i.MemManage_Handler) for MemManage_Handler
    startup_stm32f429_439xx.o(RESET) refers to stm32f4xx_it.o(i.BusFault_Handler) for BusFault_Handler
    startup_stm32f429_439xx.o(RESET) refers to stm32f4xx_it.o(i.UsageFault_Handler) for UsageFault_Handler
    startup_stm32f429_439xx.o(RESET) refers to stm32f4xx_it.o(i.SVC_Handler) for SVC_Handler
    startup_stm32f429_439xx.o(RESET) refers to stm32f4xx_it.o(i.DebugMon_Handler) for DebugMon_Handler
    startup_stm32f429_439xx.o(RESET) refers to stm32f4xx_it.o(i.PendSV_Handler) for PendSV_Handler
    startup_stm32f429_439xx.o(RESET) refers to stm32f4xx_it.o(i.SysTick_Handler) for SysTick_Handler
    startup_stm32f429_439xx.o(RESET) refers to location.o(i.TIM3_IRQHandler) for TIM3_IRQHandler
    startup_stm32f429_439xx.o(RESET) refers to ops.o(i.TIM4_IRQHandler) for TIM4_IRQHandler
    startup_stm32f429_439xx.o(RESET) refers to raspi.o(i.USART2_IRQHandler) for USART2_IRQHandler
    startup_stm32f429_439xx.o(RESET) refers to servo.o(i.USART3_IRQHandler) for USART3_IRQHandler
    startup_stm32f429_439xx.o(RESET) refers to emm_v5.o(i.UART5_IRQHandler) for UART5_IRQHandler
    startup_stm32f429_439xx.o(RESET) refers to location.o(i.TIM7_IRQHandler) for TIM7_IRQHandler
    startup_stm32f429_439xx.o(RESET) refers to ops.o(i.UART7_IRQHandler) for UART7_IRQHandler
    startup_stm32f429_439xx.o(RESET) refers to qrcode.o(i.UART8_IRQHandler) for UART8_IRQHandler
    startup_stm32f429_439xx.o(.text) refers to system_stm32f4xx.o(i.SystemInit) for SystemInit
    startup_stm32f429_439xx.o(.text) refers to entry.o(.ARM.Collect$$$$00000000) for __main
    stm32f4xx_can.o(i.CAN_DeInit) refers to stm32f4xx_rcc.o(i.RCC_APB1PeriphResetCmd) for RCC_APB1PeriphResetCmd
    stm32f4xx_can.o(i.CAN_GetITStatus) refers to stm32f4xx_can.o(i.CheckITStatus) for CheckITStatus
    stm32f4xx_gpio.o(i.GPIO_DeInit) refers to stm32f4xx_rcc.o(i.RCC_AHB1PeriphResetCmd) for RCC_AHB1PeriphResetCmd
    stm32f4xx_rcc.o(i.RCC_GetClocksFreq) refers to stm32f4xx_rcc.o(.data) for APBAHBPrescTable
    stm32f4xx_rcc.o(i.RCC_WaitForHSEStartUp) refers to stm32f4xx_rcc.o(i.RCC_GetFlagStatus) for RCC_GetFlagStatus
    stm32f4xx_syscfg.o(i.SYSCFG_DeInit) refers to stm32f4xx_rcc.o(i.RCC_APB2PeriphResetCmd) for RCC_APB2PeriphResetCmd
    stm32f4xx_tim.o(i.TIM_DeInit) refers to stm32f4xx_rcc.o(i.RCC_APB2PeriphResetCmd) for RCC_APB2PeriphResetCmd
    stm32f4xx_tim.o(i.TIM_DeInit) refers to stm32f4xx_rcc.o(i.RCC_APB1PeriphResetCmd) for RCC_APB1PeriphResetCmd
    stm32f4xx_tim.o(i.TIM_ETRClockMode1Config) refers to stm32f4xx_tim.o(i.TIM_ETRConfig) for TIM_ETRConfig
    stm32f4xx_tim.o(i.TIM_ETRClockMode2Config) refers to stm32f4xx_tim.o(i.TIM_ETRConfig) for TIM_ETRConfig
    stm32f4xx_tim.o(i.TIM_ICInit) refers to stm32f4xx_tim.o(i.TI1_Config) for TI1_Config
    stm32f4xx_tim.o(i.TIM_ICInit) refers to stm32f4xx_tim.o(i.TIM_SetIC1Prescaler) for TIM_SetIC1Prescaler
    stm32f4xx_tim.o(i.TIM_ICInit) refers to stm32f4xx_tim.o(i.TI2_Config) for TI2_Config
    stm32f4xx_tim.o(i.TIM_ICInit) refers to stm32f4xx_tim.o(i.TIM_SetIC2Prescaler) for TIM_SetIC2Prescaler
    stm32f4xx_tim.o(i.TIM_ICInit) refers to stm32f4xx_tim.o(i.TI3_Config) for TI3_Config
    stm32f4xx_tim.o(i.TIM_ICInit) refers to stm32f4xx_tim.o(i.TIM_SetIC3Prescaler) for TIM_SetIC3Prescaler
    stm32f4xx_tim.o(i.TIM_ICInit) refers to stm32f4xx_tim.o(i.TI4_Config) for TI4_Config
    stm32f4xx_tim.o(i.TIM_ICInit) refers to stm32f4xx_tim.o(i.TIM_SetIC4Prescaler) for TIM_SetIC4Prescaler
    stm32f4xx_tim.o(i.TIM_ITRxExternalClockConfig) refers to stm32f4xx_tim.o(i.TIM_SelectInputTrigger) for TIM_SelectInputTrigger
    stm32f4xx_tim.o(i.TIM_PWMIConfig) refers to stm32f4xx_tim.o(i.TI1_Config) for TI1_Config
    stm32f4xx_tim.o(i.TIM_PWMIConfig) refers to stm32f4xx_tim.o(i.TIM_SetIC1Prescaler) for TIM_SetIC1Prescaler
    stm32f4xx_tim.o(i.TIM_PWMIConfig) refers to stm32f4xx_tim.o(i.TI2_Config) for TI2_Config
    stm32f4xx_tim.o(i.TIM_PWMIConfig) refers to stm32f4xx_tim.o(i.TIM_SetIC2Prescaler) for TIM_SetIC2Prescaler
    stm32f4xx_tim.o(i.TIM_TIxExternalClockConfig) refers to stm32f4xx_tim.o(i.TI2_Config) for TI2_Config
    stm32f4xx_tim.o(i.TIM_TIxExternalClockConfig) refers to stm32f4xx_tim.o(i.TI1_Config) for TI1_Config
[...]
    cdcmple.s                                0x00000000   Number         0  cdcmple.o ABSOLUTE
    cdrcmple.s                               0x00000000   Number         0  cdrcmple.o ABSOLUTE
    dc.s                                     0x00000000   Number         0  dc.o ABSOLUTE
    handlers.s                               0x00000000   Number         0  handlers.o ABSOLUTE
    init.s                                   0x00000000   Number         0  init.o ABSOLUTE
    main.c                                   0x00000000   Number         0  main.o ABSOLUTE
    main.c                                   0x00000000   Number         0  main.o ABSOLUTE
    stm32f4xx_it.c                           0x00000000   Number         0  stm32f4xx_it.o ABSOLUTE
    stm32f4xx_it.c                           0x00000000   Number         0  stm32f4xx_it.o ABSOLUTE
    system_stm32f4xx.c                       0x00000000   Number         0  system_stm32f4xx.o ABSOLUTE
    system_stm32f4xx.c                       0x00000000   Number         0  system_stm32f4xx.o ABSOLUTE
    RESET                                    0x08000000   Section      428  startup_stm32f429_439xx.o(RESET)
    .ARM.Collect$$$$00000000                 0x080001ac   Section        0  entry.o(.ARM.Collect$$$$00000000)
    .ARM.Collect$$$$00000001                 0x080001ac   Section        4  entry2.o(.ARM.Collect$$$$00000001)
    .ARM.Collect$$$$00000004                 0x080001b0   Section        4  entry5.o(.ARM.Collect$$$$00000004)
    .ARM.Collect$$$$00000008                 0x080001b4   Section        0  entry7b.o(.ARM.Collect$$$$00000008)
    .ARM.Collect$$$$0000000A                 0x080001b4   Section        0  entry8b.o(.ARM.Collect$$$$0000000A)
    .ARM.Collect$$$$0000000B                 0x080001b4   Section        8  entry9a.o(.ARM.Collect$$$$0000000B)
    .ARM.Collect$$$$0000000D                 0x080001bc   Section        0  entry10a.o(.ARM.Collect$$$$0000000D)
    .ARM.Collect$$$$0000000F                 0x080001bc   Section        0  entry11a.o(.ARM.Collect$$$$0000000F)
    .ARM.Collect$$$$00002712                 0x080001bc   Section        4  entry2.o(.ARM.Collect$$$$00002712)
    __lit__00000000                          0x080001bc   Data           4  entry2.o(.ARM.Collect$$$$00002712)
    .text                                    0x080001c0   Section       36  startup_stm32f429_439xx.o(.text)
    $v0                                      0x080001c0   Number         0  startup_stm32f429_439xx.o(.text)
    .text                                    0x080001e4   Section        0  arm_cos_f32.o(.text)
    .text                                    0x080002bc   Section        0  arm_sin_f32.o(.text)
    .text                                    0x08000394   Section        0  memcpya.o(.text)
    .text                                    0x080003b8   Section        0  strlen.o(.text)
    .text                                    0x080003c6   Section        0  dadd.o(.text)
    .text                                    0x08000514   Section        0  dmul.o(.text)
    .text                                    0x080005f8   Section        0  ddiv.o(.text)
    .text                                    0x080006d6   Section        0  f2d.o(.text)
    .text                                    0x080006fc   Section       48  cdcmple.o(.text)
    .text                                    0x0800072c   Section       48  cdrcmple.o(.text)
    .text                                    0x0800075c   Section        0  d2f.o(.text)
    .text                                    0x08000794   Section        0  uidiv.o(.text)
    .text                                    0x080007c0   Section        0  uldiv.o(.text)
    .text                                    0x08000822   Section        0  llshl.o(.text)
    .text                                    0x08000840   Section        0  llsshr.o(.text)
    .text                                    0x08000864   Section        0  iusefp.o(.text)
    .text                                    0x08000864   Section        0  fepilogue.o(.text)
    .text                                    0x080008d2   Section        0  depilogue.o(.text)
    .text                                    0x0800098c   Section        0  dsqrt.o(.text)
    .text                                    0x08000a2e   Section        0  dfixul.o(.text)
    .text                                    0x08000a60   Section       36  init.o(.text)
    .text                                    0x08000a84   Section        0  llushr.o(.text)
    .text                                    0x08000aa4   Section        0  __dczerorl2.o(.text)
    i.Absolute_Location_Plot                 0x08000afc   Section        0  location.o(i.Absolute_Location_Plot)
    i.Absolute_Pass_Plot                     0x08000b3c   Section        0  location.o(i.Absolute_Pass_Plot)
    i.Absolute_Rotate_Plot                   0x08000b7c   Section        0  location.o(i.Absolute_Rotate_Plot)
    i.Alin                                   0x08000bd4   Section        0  tasks.o(i.Alin)
    i.Alin_Point                             0x08000ca8   Section        0  location.o(i.Alin_Point)
    i.Alin_high                              0x08000d44   Section        0  tasks.o(i.Alin_high)
    i.Alin_low                               0x08000eb8   Section        0  tasks.o(i.Alin_low)
    i.AllPoint_Init                          0x08000fb0   Section        0  points.o(i.AllPoint_Init)
    i.BEEP_Init                              0x08001140   Section        0  buzzer.o(i.BEEP_Init)
    i.BusFault_Handler                       0x08001180   Section        0  stm32f4xx_it.o(i.BusFault_Handler)
    i.Cali_Ops                               0x08001184   Section        0  ops.o(i.Cali_Ops)
    i.DMA_ClearFlag                          0x080012b0   Section        0  stm32f4xx_dma.o(i.DMA_ClearFlag)
    i.DMA_Cmd                                0x080012e4   Section        0  stm32f4xx_dma.o(i.DMA_Cmd)
    i.DMA_DeInit                             0x080012fc   Section        0  stm32f4xx_dma.o(i.DMA_DeInit)
    i.DMA_GetCmdStatus                       0x08001454   Section        0  stm32f4xx_dma.o(i.DMA_GetCmdStatus)
    i.DMA_GetFlagStatus                      0x08001468   Section        0  stm32f4xx_dma.o(i.DMA_GetFlagStatus)
    i.DMA_Init                               0x080014ac   Section        0  stm32f4xx_dma.o(i.DMA_Init)
    i.DMA_SetCurrDataCounter                 0x08001504   Section        0  stm32f4xx_dma.o(i.DMA_SetCurrDataCounter)
    i.DebugMon_Handler                       0x08001508   Section        0  stm32f4xx_it.o(i.DebugMon_Handler)
    i.Emm_V5_Origin_Trigger_Return           0x0800150a   Section        0  emm_v5.o(i.Emm_V5_Origin_Trigger_Return)
    i.Emm_V5_Pos_Control                     0x0800153e   Section        0  emm_v5.o(i.Emm_V5_Pos_Control)
    i.Flash_OFF                              0x080015ac   Section        0  led.o(i.Flash_OFF)
    i.Flash_ON                               0x080015c4   Section        0  led.o(i.Flash_ON)
    i.GPIO_Init                              0x080015dc   Section        0  stm32f4xx_gpio.o(i.GPIO_Init)
    i.GPIO_PinAFConfig                       0x0800166c   Section        0  stm32f4xx_gpio.o(i.GPIO_PinAFConfig)
    i.Goto_Point                             0x080016b2   Section        0  location.o(i.Goto_Point)
    i.HardFault_Handler                      0x080016f2   Section        0  stm32f4xx_it.o(i.HardFault_Handler)
    i.KEY_Init                               0x080016f8   Section        0  key.o(i.KEY_Init)
    i.KEY_Scan                               0x08001728   Section        0  key.o(i.KEY_Scan)
    i.LED_Init                               0x080017a8   Section        0  led.o(i.LED_Init)
    i.Location_Front                         0x080017e0   Section        0  location.o(i.Location_Front)
    i.Location_Plot_plus                     0x080018cc   Section        0  location.o(i.Location_Plot_plus)
    i.Location_TIM3_init                     0x08001b58   Section        0  location.o(i.Location_TIM3_init)
    i.Location_TIM7_init                     0x08001bb4   Section        0  location.o(i.Location_TIM7_init)
    i.MYDMA_Enable                           0x08001c10   Section        0  ops.o(i.MYDMA_Enable)
    i.MemManage_Handler                      0x08001c3c   Section        0  stm32f4xx_it.o(i.MemManage_Handler)
    i.NMI_Handler                            0x08001c40   Section        0  stm32f4xx_it.o(i.NMI_Handler)
    i.NVIC_Init                              0x08001c44   Section        0  misc.o(i.NVIC_Init)
    i.NVIC_PriorityGroupConfig               0x08001cbc   Section        0  misc.o(i.NVIC_PriorityGroupConfig)
    i.OPS_DMA_Init                           0x08001cd0   Section        0  ops.o(i.OPS_DMA_Init)
    i.OPS_DMA_init                           0x08001dc0   Section        0  ops.o(i.OPS_DMA_init)
    i.OPS_Init                               0x08001e5c   Section        0  ops.o(i.OPS_Init)
    i.OPS_Inspection_TIM_init                0x08001ec8   Section        0  ops.o(i.OPS_Inspection_TIM_init)
    i.Ops_abs                                0x08001f34   Section        0  location.o(i.Ops_abs)
    i.PC_SendChar                            0x08001f50   Section        0  ops.o(i.PC_SendChar)
    i.PC_SendString                          0x08001f80   Section        0  ops.o(i.PC_SendString)
    i.Pass_Plot_plus                         0x08001f98   Section        0  location.o(i.Pass_Plot_plus)
    i.Pass_Retreat                           0x08002884   Section        0  location.o(i.Pass_Retreat)
    i.PendSV_Handler                         0x08002918   Section        0  stm32f4xx_it.o(i.PendSV_Handler)
    i.Point_Init                             0x0800291a   Section        0  points.o(i.Point_Init)
    i.RCC_AHB1PeriphClockCmd                 0x0800292c   Section        0  stm32f4xx_rcc.o(i.RCC_AHB1PeriphClockCmd)
    i.RCC_APB1PeriphClockCmd                 0x0800294c   Section        0  stm32f4xx_rcc.o(i.RCC_APB1PeriphClockCmd)
    i.RCC_APB2PeriphClockCmd                 0x0800296c   Section        0  stm32f4xx_rcc.o(i.RCC_APB2PeriphClockCmd)
    i.RCC_GetClocksFreq                      0x0800298c   Section        0  stm32f4xx_rcc.o(i.RCC_GetClocksFreq)
    i.Raspi_uart_Init                        0x08002a74   Section        0  raspi.o(i.Raspi_uart_Init)
    i.Rotate_Pass                            0x08002b28   Section        0  location.o(i.Rotate_Pass)
    i.Rotate_Plot_plus                       0x08002c24   Section        0  location.o(i.Rotate_Plot_plus)
    i.Rotate_Point                           0x08003744   Section        0  location.o(i.Rotate_Point)
    i.Run_Task                               0x08003794   Section        0  tasks.o(i.Run_Task)
    i.SVC_Handler                            0x080037b4   Section        0  stm32f4xx_it.o(i.SVC_Handler)
    i.ServoCon_uart_Init                     0x080037b8   Section        0  servo.o(i.ServoCon_uart_Init)
    i.SetSysClock                            0x0800384c   Section        0  system_stm32f4xx.o(i.SetSysClock)
    SetSysClock                              0x0800384d   Thumb Code   272  system_stm32f4xx.o(i.SetSysClock)
    i.Slide_uart_Init                        0x0800396c   Section        0  emm_v5.o(i.Slide_uart_Init)
    i.SysTick_CLKSourceConfig                0x08003a5c   Section        0  misc.o(i.SysTick_CLKSourceConfig)
    i.SysTick_Handler                        0x08003a84   Section        0  stm32f4xx_it.o(i.SysTick_Handler)
    i.SystemInit                             0x08003a88   Section        0  system_stm32f4xx.o(i.SystemInit)
    i.System_Resource_Init                   0x08003af0   Section        0  system_config.o(i.System_Resource_Init)
    i.System_Tasks_Init                      0x08003e30   Section        0  system_config.o(i.System_Tasks_Init)
    i.TIM3_IRQHandler                        0x08003e44   Section        0  location.o(i.TIM3_IRQHandler)
    i.TIM4_IRQHandler                        0x08003ea8   Section        0  ops.o(i.TIM4_IRQHandler)
    i.TIM7_IRQHandler                        0x0800400c   Section        0  location.o(i.TIM7_IRQHandler)
    i.TIM_ClearITPendingBit                  0x0800405c   Section        0  stm32f4xx_tim.o(i.TIM_ClearITPendingBit)
    i.TIM_Cmd                                0x08004062   Section        0  stm32f4xx_tim.o(i.TIM_Cmd)
    i.TIM_GetITStatus                        0x0800407a   Section        0  stm32f4xx_tim.o(i.TIM_GetITStatus)
    i.TIM_ITConfig                           0x0800409c   Section        0  stm32f4xx_tim.o(i.TIM_ITConfig)
    i.TIM_TimeBaseInit                       0x080040b0   Section        0  stm32f4xx_tim.o(i.TIM_TimeBaseInit)
    i.Task_1                                 0x08004134   Section        0  tasks.o(i.Task_1)
    i.Task_10                                0x08004168   Section        0  tasks.o(i.Task_10)
    i.Task_11                                0x080041e0   Section        0  tasks.o(i.Task_11)
    i.Task_12                                0x08004258   Section        0  tasks.o(i.Task_12)
    i.Task_13                                0x08004310   Section        0  tasks.o(i.Task_13)
    i.Task_14                                0x080043e4   Section        0  tasks.o(i.Task_14)
    i.Task_2                                 0x08004440   Section        0  tasks.o(i.Task_2)
    i.Task_3                                 0x08004494   Section        0  tasks.o(i.Task_3)
    i.Task_4                                 0x08004538   Section        0  tasks.o(i.Task_4)
    i.Task_5                                 0x080045a8   Section        0  tasks.o(i.Task_5)
    i.Task_6                                 0x08004650   Section        0  tasks.o(i.Task_6)
    i.Task_7                                 0x08004708   Section        0  tasks.o(i.Task_7)
    i.Task_8                                 0x08004758   Section        0  tasks.o(i.Task_8)
    i.Task_9                                 0x080047f4   Section        0  tasks.o(i.Task_9)
    i.UART5_IRQHandler                       0x0800486c   Section        0  emm_v5.o(i.UART5_IRQHandler)
    i.UART7_IRQHandler                       0x080048f0   Section        0  ops.o(i.UART7_IRQHandler)
    i.UART8_IRQHandler                       0x0800497c   Section        0  qrcode.o(i.UART8_IRQHandler)
    i.USART2_IRQHandler                      0x08004a28   Section        0  raspi.o(i.USART2_IRQHandler)
    i.USART3_IRQHandler                      0x08004ac0   Section        0  servo.o(i.USART3_IRQHandler)
    i.USART_ClearFlag                        0x08004ba8   Section        0  stm32f4xx_usart.o(i.USART_ClearFlag)
    i.USART_ClearITPendingBit                0x08004bba   Section        0  stm32f4xx_usart.o(i.USART_ClearITPendingBit)
    i.USART_Cmd                              0x08004bd8   Section        0  stm32f4xx_usart.o(i.USART_Cmd)
    i.USART_DMACmd                           0x08004bf0   Section        0  stm32f4xx_usart.o(i.USART_DMACmd)
    i.USART_GetFlagStatus                    0x08004c02   Section        0  stm32f4xx_usart.o(i.USART_GetFlagStatus)
    i.USART_GetITStatus                      0x08004c1c   Section        0  stm32f4xx_usart.o(i.USART_GetITStatus)
    i.USART_ITConfig                         0x08004c70   Section        0  stm32f4xx_usart.o(i.USART_ITConfig)
    i.USART_Init                             0x08004cbc   Section        0  stm32f4xx_usart.o(i.USART_Init)
    i.USART_ReceiveData                      0x08004d90   Section        0  stm32f4xx_usart.o(i.USART_ReceiveData)
    i.USART_SendData                         0x08004d9a   Section        0  stm32f4xx_usart.o(i.USART_SendData)
    i.UsageFault_Handler                     0x08004da2   Section        0  stm32f4xx_it.o(i.UsageFault_Handler)
    i.Visual_Location_Plot                   0x08004da8   Section        0  location.o(i.Visual_Location_Plot)
    i.__0vsprintf                            0x08004fdc   Section        0  printfa.o(i.__0vsprintf)
    i.__ARM_fpclassify                       0x08005000   Section        0  fpclassify.o(i.__ARM_fpclassify)
    i.__hardfp_atan                          0x08005030   Section        0  atan.o(i.__hardfp_atan)
    i.__hardfp_atan2                         0x08005308   Section        0  atan2.o(i.__hardfp_atan2)
    i.__hardfp_fabs                          0x080054f8   Section        0  fabs.o(i.__hardfp_fabs)
    i.__hardfp_sqrt                          0x0800550c   Section        0  sqrt.o(i.__hardfp_sqrt)
    i.__kernel_poly                          0x08005586   Section        0  poly.o(i.__kernel_poly)
    i.__mathlib_dbl_infnan                   0x0800567e   Section        0  dunder.o(i.__mathlib_dbl_infnan)
    i.__mathlib_dbl_infnan2                  0x08005692   Section        0  dunder.o(i.__mathlib_dbl_infnan2)
    i.__mathlib_dbl_underflow                0x080056a8   Section        0  dunder.o(i.__mathlib_dbl_underflow)
    i.__scatterload_copy                     0x080056c8   Section       14  handlers.o(i.__scatterload_copy)
    i.__scatterload_null                     0x080056d6   Section        2  handlers.o(i.__scatterload_null)
    i.__scatterload_zeroinit                 0x080056d8   Section       14  handlers.o(i.__scatterload_zeroinit)
    i.__set_errno                            0x080056e8   Section        0  errno.o(i.__set_errno)
    i._fp_digits                             0x080056f4   Section        0  printfa.o(i._fp_digits)
    _fp_digits                               0x080056f5   Thumb Code   366  printfa.o(i._fp_digits)
    i._printf_core                           0x08005878   Section        0  printfa.o(i._printf_core)
    _printf_core                             0x08005879   Thumb Code  1744  printfa.o(i._printf_core)
    i._printf_post_padding                   0x08005f54   Section        0  printfa.o(i._printf_post_padding)
    _printf_post_padding                     0x08005f55   Thumb Code    36  printfa.o(i._printf_post_padding)
    i._printf_pre_padding                    0x08005f78   Section        0  printfa.o(i._printf_pre_padding)
    _printf_pre_padding                      0x08005f79   Thumb Code    46  printfa.o(i._printf_pre_padding)
    i._sputc                                 0x08005fa6   Section        0  printfa.o(i._sputc)
    _sputc                                   0x08005fa7   Thumb Code    10  printfa.o(i._sputc)
    i.alin                                   0x08005fb0   Section        0  tasks.o(i.alin)
    i.atan                                   0x08006084   Section        0  atan.o(i.atan)
    i.communicate_uart_init                  0x08006094   Section        0  motor.o(i.communicate_uart_init)
    i.delay_init                             0x08006140   Section        0  delay.o(i.delay_init)
    i.delay_ms                               0x0800617c   Section        0  delay.o(i.delay_ms)
    i.delay_xms                              0x080061b4   Section        0  delay.o(i.delay_xms)
    i.fabs                                   0x08006200   Section        0  fabs.o(i.fabs)
    i.fifo_deQueue                           0x08006218   Section        0  emm_v5.o(i.fifo_deQueue)
    i.fifo_enQueue                           0x08006248   Section        0  emm_v5.o(i.fifo_enQueue)
    i.fifo_queueLength                       0x08006278   Section        0  emm_v5.o(i.fifo_queueLength)
    i.getPosition                            0x080062b4   Section        0  servo.o(i.getPosition)
    i.get_color                              0x080062e8   Section        0  tasks.o(i.get_color)
    i.itoa                                   0x0800633c   Section        0  motor.o(i.itoa)
    i.main                                   0x080063fc   Section        0  main.o(i.main)
    i.moveServo                              0x0800640c   Section        0  servo.o(i.moveServo)
    i.pos_x_pid                              0x08006454   Section        0  location.o(i.pos_x_pid)
    i.pos_y_pid                              0x080065d8   Section        0  location.o(i.pos_y_pid)
    i.pos_z_pid                              0x0800675c   Section        0  location.o(i.pos_z_pid)
    i.qrcode_scan                            0x080068f4   Section        0  tasks.o(i.qrcode_scan)
    i.qrcode_uart_Init                       0x08006ac0   Section        0  qrcode.o(i.qrcode_uart_Init)
    i.receiveHandle                          0x08006b74   Section        0  servo.o(i.receiveHandle)
    i.rotate_pos_x_pid                       0x08006bc8   Section        0  location.o(i.rotate_pos_x_pid)
    i.rotate_pos_z_pid                       0x08006ee8   Section        0  location.o(i.rotate_pos_z_pid)
    i.send                                   0x08007200   Section        0  motor.o(i.send)
    i.task_init                              0x080072b0   Section        0  tasks.o(i.task_init)
    i.turn_angle_caculate                    0x08007328   Section        0  location.o(i.turn_angle_caculate)
    i.u2_printf                              0x0800737c   Section        0  motor.o(i.u2_printf)
    i.uartNVICInit                           0x080073cc   Section        0  servo.o(i.uartNVICInit)
    i.uartWriteBuf                           0x080073f0   Section        0  servo.o(i.uartWriteBuf)
    i.usart_SendByte                         0x08007420   Section        0  emm_v5.o(i.usart_SendByte)
    i.usart_SendCmd                          0x0800745c   Section        0  emm_v5.o(i.usart_SendCmd)
    i.vis_pos_x_pid                          0x08007488   Section        0  location.o(i.vis_pos_x_pid)
    i.vis_pos_y_pid                          0x08007608   Section        0  location.o(i.vis_pos_y_pid)
    .constdata                               0x08007788   Section     1040  arm_cos_f32.o(.constdata)
    cosTable                                 0x08007788   Data        1040  arm_cos_f32.o(.constdata)
    .constdata                               0x08007b98   Section     1036  arm_sin_f32.o(.constdata)
    sinTable                                 0x08007b98   Data        1036  arm_sin_f32.o(.constdata)
    .constdata                               0x08007fa8   Section      152  atan.o(.constdata)
    atanhi                                   0x08007fa8   Data          32  atan.o(.constdata)
    atanlo                                   0x08007fc8   Data          32  atan.o(.constdata)
    aTodd                                    0x08007fe8   Data          40  atan.o(.constdata)
    aTeven                                   0x08008010   Data          48  atan.o(.constdata)
    .constdata                               0x08008040   Section        8  qnan.o(.constdata)
    .data                                    0x20000000   Section       16  stm32f4xx_rcc.o(.data)
    APBAHBPrescTable                         0x20000000   Data          16  stm32f4xx_rcc.o(.data)
    .data                                    0x20000010   Section        1  key.o(.data)
    key_up                                   0x20000010   Data           1  key.o(.data)
    .data                                    0x20000014   Section       84  ops.o(.data)
    i                                        0x20000058   Data           1  ops.o(.data)
    set                                      0x2000005c   Data           4  ops.o(.data)
    set                                      0x20000060   Data           4  ops.o(.data)
    set                                      0x20000064   Data           4  ops.o(.data)
    .data                                    0x20000068   Section        4  qrcode.o(.data)
    .data                                    0x2000006c   Section       11  raspi.o(.data)
    recv_state                               0x20000076   Data           1  raspi.o(.data)
    .data                                    0x20000078   Section        9  servo.o(.data)
    isGotFrameHeader                         0x2000007d   Data           1  servo.o(.data)
    frameHeaderCount                         0x2000007e   Data           1  servo.o(.data)
    dataLength                               0x2000007f   Data           1  servo.o(.data)
    dataCount                                0x20000080   Data           1  servo.o(.data)
    .data                                    0x20000081   Section        2  emm_v5.o(.data)
    .data                                    0x20000084   Section        4  delay.o(.data)
    fac_us                                   0x20000084   Data           1  delay.o(.data)
    fac_ms                                   0x20000086   Data           2  delay.o(.data)
    .data                                    0x20000088   Section      164  location.o(.data)
    .data                                    0x2000012c   Section       12  system_config.o(.data)
    .data                                    0x20000138   Section       16  tasks.o(.data)
    .data                                    0x20000148   Section        4  errno.o(.data)
    _errno                                   0x20000148   Data           4  errno.o(.data)
    .bss                                     0x2000014c   Section      622  motor.o(.bss)
    .bss                                     0x200003bc   Section       32  ops.o(.bss)
    .bss                                     0x200003dc   Section      160  servo.o(.bss)
    .bss                                     0x2000047c   Section      386  emm_v5.o(.bss)
    .bss                                     0x20000600   Section       12  location.o(.bss)
    .bss                                     0x2000060c   Section      640  system_config.o(.bss)
    .bss                                     0x2000088c   Section      152  tasks.o(.bss)
    STACK                                    0x20000928   Section     1024  startup_stm32f429_439xx.o(STACK)

    Global Symbols

    Symbol Name                              Value     Ov Type        Size  Object(Section)

    BuildAttributes$$THM_ISAv4$E$P$D$K$B$S$7EM$VFPi3$EXTD16$VFPS$VFMA$PE$A:L22UL41UL21$X:L11$S22US41US21$IEEE1$IW$USESV6$~STKCKD$USESV7$~SHL$OTIME$ROPI$IEEEX$EBA8$MICROLIB$REQ8$PRES8$EABIv2 0x00000000   Number         0  anon$$obj.o ABSOLUTE
    __ARM_use_no_argv                        0x00000000   Number         0  main.o ABSOLUTE
    __cpp_initialize__aeabi_                  - Undefined Weak Reference
    __cxa_finalize                            - Undefined Weak Reference
    _clock_init                               - Undefined Weak Reference
    _microlib_exit                            - Undefined Weak Reference
    __Vectors_Size                           0x000001ac   Number         0  startup_stm32f429_439xx.o ABSOLUTE
    __Vectors                                0x08000000   Data           4  startup_stm32f429_439xx.o(RESET)
    __Vectors_End                            0x080001ac   Data           0  startup_stm32f429_439xx.o(RESET)
    __main                                   0x080001ad   Thumb Code     0  entry.o(.ARM.Collect$$$$00000000)
    _main_stk                                0x080001ad   Thumb Code     0  entry2.o(.ARM.Collect$$$$00000001)
    _main_scatterload                        0x080001b1   Thumb Code     0  entry5.o(.ARM.Collect$$$$00000004)
    __main_after_scatterload                 0x080001b5   Thumb Code     0  entry5.o(.ARM.Collect$$$$00000004)
    _main_clock                              0x080001b5   Thumb Code     0  entry7b.o(.ARM.Collect$$$$00000008)
    _main_cpp_init                           0x080001b5   Thumb Code     0  entry8b.o(.ARM.Collect$$$$0000000A)
    _main_init                               0x080001b5   Thumb Code     0  entry9a.o(.ARM.Collect$$$$0000000B)
    __rt_final_cpp                           0x080001bd   Thumb Code     0  entry10a.o(.ARM.Collect$$$$0000000D)
    __rt_final_exit                          0x080001bd   Thumb Code     0  entry11a.o(.ARM.Collect$$$$0000000F)
    Reset_Handler                            0x080001c1   Thumb Code     8  startup_stm32f429_439xx.o(.text)
    ADC_IRQHandler                           0x080001db   Thumb Code     0  startup_stm32f429_439xx.o(.text)
    CAN1_RX0_IRQHandler                      0x080001db   Thumb Code     0  startup_stm32f429_439xx.o(.text)
    CAN1_RX1_IRQHandler                      0x080001db   Thumb Code     0  startup_stm32f429_439xx.o(.text)
    CAN1_SCE_IRQHandler                      0x080001db   Thumb Code     0  startup_stm32f429_439xx.o(.text)
    CAN1_TX_IRQHandler                       0x080001db   Thumb Code     0  startup_stm32f429_439xx.o(.text)
    CAN2_RX0_IRQHandler                      0x080001db   Thumb Code     0  startup_stm32f429_439xx.o(.text)
    CAN2_RX1_IRQHandler                      0x080001db   Thumb Code     0  startup_stm32f429_439xx.o(.text)
    CAN2_SCE_IRQHandler                      0x080001db   Thumb Code     0  startup_stm32f429_439xx.o(.text)
    CAN2_TX_IRQHandler                       0x080001db   Thumb Code     0  startup_stm32f429_439xx.o(.text)
    CRYP_IRQHandler                          0x080001db   Thumb Code     0  startup_stm32f429_439xx.o(.text)
    DCMI_IRQHandler                          0x080001db   Thumb Code     0  startup_stm32f429_439xx.o(.text)
    DMA1_Stream0_IRQHandler                  0x080001db   Thumb Code     0  startup_stm32f429_439xx.o(.text)
    DMA1_Stream1_IRQHandler                  0x080001db   Thumb Code     0  startup_stm32f429_439xx.o(.text)
    DMA1_Stream2_IRQHandler                  0x080001db   Thumb Code     0  startup_stm32f429_439xx.o(.text)
    DMA1_Stream3_IRQHandler                  0x080001db   Thumb Code     0  startup_stm32f429_439xx.o(.text)
    DMA1_Stream4_IRQHandler                  0x080001db   Thumb Code     0  startup_stm32f429_439xx.o(.text)
    DMA1_Stream5_IRQHandler                  0x080001db   Thumb Code     0  startup_stm32f429_439xx.o(.text)
    DMA1_Stream6_IRQHandler                  0x080001db   Thumb Code     0  startup_stm32f429_439xx.o(.text)
    DMA1_Stream7_IRQHandler                  0x080001db   Thumb Code     0  startup_stm32f429_439xx.o(.text)
    DMA2D_IRQHandler                         0x080001db   Thumb Code     0  startup_stm32f429_439xx.o(.text)
    DMA2_Stream0_IRQHandler                  0x080001db   Thumb Code     0  startup_stm32f429_439xx.o(.text)
    DMA2_Stream1_IRQHandler                  0x080001db   Thumb Code     0  startup_stm32f429_439xx.o(.text)
    DMA2_Stream2_IRQHandler                  0x080001db   Thumb Code     0  startup_stm32f429_439xx.o(.text)
    DMA2_Stream3_IRQHandler                  0x080001db   Thumb Code     0  startup_stm32f429_439xx.o(.text)
    DMA2_Stream4_IRQHandler                  0x080001db   Thumb Code     0  startup_stm32f429_439xx.o(.text)
    DMA2_Stream5_IRQHandler                  0x080001db   Thumb Code     0  startup_stm32f429_439xx.o(.text)
    DMA2_Stream6_IRQHandler                  0x080001db   Thumb Code     0  startup_stm32f429_439xx.o(.text)
    DMA2_Stream7_IRQHandler                  0x080001db   Thumb Code     0  startup_stm32f429_439xx.o(.text)
    ETH_IRQHandler                           0x080001db   Thumb Code     0  startup_stm32f429_439xx.o(.text)
    ETH_WKUP_IRQHandler                      0x080001db   Thumb Code     0  startup_stm32f429_439xx.o(.text)
    EXTI0_IRQHandler                         0x080001db   Thumb Code     0  startup_stm32f429_439xx.o(.text)
    EXTI15_10_IRQHandler                     0x080001db   Thumb Code     0  startup_stm32f429_439xx.o(.text)
    EXTI1_IRQHandler                         0x080001db   Thumb Code     0  startup_stm32f429_439xx.o(.text)
    EXTI2_IRQHandler                         0x080001db   Thumb Code     0  startup_stm32f429_439xx.o(.text)
    EXTI3_IRQHandler                         0x080001db   Thumb Code     0  startup_stm32f429_439xx.o(.text)
    EXTI4_IRQHandler                         0x080001db   Thumb Code     0  startup_stm32f429_439xx.o(.text)
    EXTI9_5_IRQHandler                       0x080001db   Thumb Code     0  startup_stm32f429_439xx.o(.text)
    FLASH_IRQHandler                         0x080001db   Thumb Code     0  startup_stm32f429_439xx.o(.text)
    FMC_IRQHandler                           0x080001db   Thumb Code     0  startup_stm32f429_439xx.o(.text)
    FPU_IRQHandler                           0x080001db   Thumb Code     0  startup_stm32f429_439xx.o(.text)
    HASH_RNG_IRQHandler                      0x080001db   Thumb Code     0  startup_stm32f429_439xx.o(.text)
    I2C1_ER_IRQHandler                       0x080001db   Thumb Code     0  startup_stm32f429_439xx.o(.text)
    I2C1_EV_IRQHandler                       0x080001db   Thumb Code     0  startup_stm32f429_439xx.o(.text)
    I2C2_ER_IRQHandler                       0x080001db   Thumb Code     0  startup_stm32f429_439xx.o(.text)
    I2C2_EV_IRQHandler                       0x080001db   Thumb Code     0  startup_stm32f429_439xx.o(.text)
    I2C3_ER_IRQHandler                       0x080001db   Thumb Code     0  startup_stm32f429_439xx.o(.text)
    I2C3_EV_IRQHandler                       0x080001db   Thumb Code     0  startup_stm32f429_439xx.o(.text)
    LTDC_ER_IRQHandler                       0x080001db   Thumb Code     0  startup_stm32f429_439xx.o(.text)
    LTDC_IRQHandler                          0x080001db   Thumb Code     0  startup_stm32f429_439xx.o(.text)
    OTG_FS_IRQHandler                        0x080001db   Thumb Code     0  startup_stm32f429_439xx.o(.text)
    OTG_FS_WKUP_IRQHandler                   0x080001db   Thumb Code     0  startup_stm32f429_439xx.o(.text)
    OTG_HS_EP1_IN_IRQHandler                 0x080001db   Thumb Code     0  startup_stm32f429_439xx.o(.text)
    OTG_HS_EP1_OUT_IRQHandler                0x080001db   Thumb Code     0  startup_stm32f429_439xx.o(.text)
    OTG_HS_IRQHandler                        0x080001db   Thumb Code     0  startup_stm32f429_439xx.o(.text)
    OTG_HS_WKUP_IRQHandler                   0x080001db   Thumb Code     0  startup_stm32f429_439xx.o(.text)
    PVD_IRQHandler                           0x080001db   Thumb Code     0  startup_stm32f429_439xx.o(.text)
    RCC_IRQHandler                           0x080001db   Thumb Code     0  startup_stm32f429_439xx.o(.text)
    RTC_Alarm_IRQHandler                     0x080001db   Thumb Code     0  startup_stm32f429_439xx.o(.text)
    RTC_WKUP_IRQHandler                      0x080001db   Thumb Code     0  startup_stm32f429_439xx.o(.text)
    SAI1_IRQHandler                          0x080001db   Thumb Code     0  startup_stm32f429_439xx.o(.text)
    SDIO_IRQHandler                          0x080001db   Thumb Code     0  startup_stm32f429_439xx.o(.text)
    SPI1_IRQHandler                          0x080001db   Thumb Code     0  startup_stm32f429_439xx.o(.text)
    SPI2_IRQHandler                          0x080001db   Thumb Code     0  startup_stm32f429_439xx.o(.text)
    SPI3_IRQHandler                          0x080001db   Thumb Code     0  startup_stm32f429_439xx.o(.text)
    SPI4_IRQHandler                          0x080001db   Thumb Code     0  startup_stm32f429_439xx.o(.text)
    SPI5_IRQHandler                          0x080001db   Thumb Code     0  startup_stm32f429_439xx.o(.text)
    SPI6_IRQHandler                          0x080001db   Thumb Code     0  startup_stm32f429_439xx.o(.text)
    TAMP_STAMP_IRQHandler                    0x080001db   Thumb Code     0  startup_stm32f429_439xx.o(.text)
    TIM1_BRK_TIM9_IRQHandler                 0x080001db   Thumb Code     0  startup_stm32f429_439xx.o(.text)
    TIM1_CC_IRQHandler                       0x080001db   Thumb Code     0  startup_stm32f429_439xx.o(.text)
    TIM1_TRG_COM_TIM11_IRQHandler            0x080001db   Thumb Code     0  startup_stm32f429_439xx.o(.text)
    TIM1_UP_TIM10_IRQHandler                 0x080001db   Thumb Code     0  startup_stm32f429_439xx.o(.text)
    TIM2_IRQHandler                          0x080001db   Thumb Code     0  startup_stm32f429_439xx.o(.text)
    TIM5_IRQHandler                          0x080001db   Thumb Code     0  startup_stm32f429_439xx.o(.text)
    TIM6_DAC_IRQHandler                      0x080001db   Thumb Code     0  startup_stm32f429_439xx.o(.text)
    TIM8_BRK_TIM12_IRQHandler                0x080001db   Thumb Code     0  startup_stm32f429_439xx.o(.text)
    TIM8_CC_IRQHandler                       0x080001db   Thumb Code     0  startup_stm32f429_439xx.o(.text)
    TIM8_TRG_COM_TIM14_IRQHandler            0x080001db   Thumb Code     0  startup_stm32f429_439xx.o(.text)
    TIM8_UP_TIM13_IRQHandler                 0x080001db   Thumb Code     0  startup_stm32f429_439xx.o(.text)
    UART4_IRQHandler                         0x080001db   Thumb Code     0  startup_stm32f429_439xx.o(.text)
    USART1_IRQHandler                        0x080001db   Thumb Code     0  startup_stm32f429_439xx.o(.text)
    USART6_IRQHandler                        0x080001db   Thumb Code     0  startup_stm32f429_439xx.o(.text)
    WWDG_IRQHandler                          0x080001db   Thumb Code     0  startup_stm32f429_439xx.o(.text)
    arm_cos_f32                              0x080001e5   Thumb Code   194  arm_cos_f32.o(.text)
    arm_sin_f32                              0x080002bd   Thumb Code   194  arm_sin_f32.o(.text)
    __aeabi_memcpy                           0x08000395   Thumb Code    36  memcpya.o(.text)
    __aeabi_memcpy4                          0x08000395   Thumb Code     0  memcpya.o(.text)
    __aeabi_memcpy8                          0x08000395   Thumb Code     0  memcpya.o(.text)
    strlen                                   0x080003b9   Thumb Code    14  strlen.o(.text)
    __aeabi_dadd                             0x080003c7   Thumb Code   322  dadd.o(.text)
    __aeabi_dsub                             0x08000509   Thumb Code     6  dadd.o(.text)
    __aeabi_drsub                            0x0800050f   Thumb Code     6  dadd.o(.text)
    __aeabi_dmul                             0x08000515   Thumb Code   228  dmul.o(.text)
    __aeabi_ddiv                             0x080005f9   Thumb Code   222  ddiv.o(.text)
    __aeabi_f2d                              0x080006d7   Thumb Code    38  f2d.o(.text)
    __aeabi_cdcmpeq                          0x080006fd   Thumb Code     0  cdcmple.o(.text)
    __aeabi_cdcmple                          0x080006fd   Thumb Code    48  cdcmple.o(.text)
    __aeabi_cdrcmple                         0x0800072d   Thumb Code    48  cdrcmple.o(.text)
    __aeabi_d2f                              0x0800075d   Thumb Code    56  d2f.o(.text)
    __aeabi_uidiv                            0x08000795   Thumb Code     0  uidiv.o(.text)
    __aeabi_uidivmod                         0x08000795   Thumb Code    44  uidiv.o(.text)
    __aeabi_uldivmod                         0x080007c1   Thumb Code    98  uldiv.o(.text)
    __aeabi_llsl                             0x08000823   Thumb Code    30  llshl.o(.text)
    _ll_shift_l                              0x08000823   Thumb Code     0  llshl.o(.text)
    __aeabi_lasr                             0x08000841   Thumb Code    36  llsshr.o(.text)
    _ll_sshift_r                             0x08000841   Thumb Code     0  llsshr.o(.text)
    __I$use$fp                               0x08000865   Thumb Code     0  iusefp.o(.text)
    _float_round                             0x08000865   Thumb Code    18  fepilogue.o(.text)
    _float_epilogue                          0x08000877   Thumb Code    92  fepilogue.o(.text)
    _double_round                            0x080008d3   Thumb Code    30  depilogue.o(.text)
    _double_epilogue                         0x080008f1   Thumb Code   156  depilogue.o(.text)
    _dsqrt                                   0x0800098d   Thumb Code   162  dsqrt.o(.text)
    __aeabi_d2ulz                            0x08000a2f   Thumb Code    48  dfixul.o(.text)
    __scatterload                            0x08000a61   Thumb Code    28  init.o(.text)
    __scatterload_rt2                        0x08000a61   Thumb Code     0  init.o(.text)
    __aeabi_llsr                             0x08000a85   Thumb Code    32  llushr.o(.text)
    _ll_ushift_r                             0x08000a85   Thumb Code     0  llushr.o(.text)
    __decompress                             0x08000aa5   Thumb Code     0  __dczerorl2.o(.text)
    __decompress1                            0x08000aa5   Thumb Code    86  __dczerorl2.o(.text)
    Absolute_Location_Plot                   0x08000afd   Thumb Code    58  location.o(i.Absolute_Location_Plot)
    Absolute_Pass_Plot                       0x08000b3d   Thumb Code    58  location.o(i.Absolute_Pass_Plot)
    Absolute_Rotate_Plot                     0x08000b7d   Thumb Code    82  location.o(i.Absolute_Rotate_Plot)
    Alin                                     0x08000bd5   Thumb Code   184  tasks.o(i.Alin)
    Alin_Point                               0x08000ca9   Thumb Code   144  location.o(i.Alin_Point)
    Alin_high                                0x08000d45   Thumb Code   342  tasks.o(i.Alin_high)
    Alin_low                                 0x08000eb9   Thumb Code   222  tasks.o(i.Alin_low)
    AllPoint_Init                            0x08000fb1   Thumb Code   314  points.o(i.AllPoint_Init)
    BEEP_Init                                0x08001141   Thumb Code    56  buzzer.o(i.BEEP_Init)
    BusFault_Handler                         0x08001181   Thumb Code     4  stm32f4xx_it.o(i.BusFault_Handler)
    Cali_Ops                                 0x08001185   Thumb Code   276  ops.o(i.Cali_Ops)
    DMA_ClearFlag                            0x080012b1   Thumb Code    38  stm32f4xx_dma.o(i.DMA_ClearFlag)
    DMA_Cmd                                  0x080012e5   Thumb Code    22  stm32f4xx_dma.o(i.DMA_Cmd)
    DMA_DeInit                               0x080012fd   Thumb Code   324  stm32f4xx_dma.o(i.DMA_DeInit)
    DMA_GetCmdStatus                         0x08001455   Thumb Code    20  stm32f4xx_dma.o(i.DMA_GetCmdStatus)
    DMA_GetFlagStatus                        0x08001469   Thumb Code    54  stm32f4xx_dma.o(i.DMA_GetFlagStatus)
    DMA_Init                                 0x080014ad   Thumb Code    82  stm32f4xx_dma.o(i.DMA_Init)
    DMA_SetCurrDataCounter                   0x08001505   Thumb Code     4  stm32f4xx_dma.o(i.DMA_SetCurrDataCounter)
    DebugMon_Handler                         0x08001509   Thumb Code     2  stm32f4xx_it.o(i.DebugMon_Handler)
    Emm_V5_Origin_Trigger_Return             0x0800150b   Thumb Code    52  emm_v5.o(i.Emm_V5_Origin_Trigger_Return)
    Emm_V5_Pos_Control                       0x0800153f   Thumb Code   108  emm_v5.o(i.Emm_V5_Pos_Control)
    Flash_OFF                                0x080015ad   Thumb Code    14  led.o(i.Flash_OFF)
    Flash_ON                                 0x080015c5   Thumb Code    14  led.o(i.Flash_ON)
    GPIO_Init                                0x080015dd   Thumb Code   144  stm32f4xx_gpio.o(i.GPIO_Init)
    GPIO_PinAFConfig                         0x0800166d   Thumb Code    70  stm32f4xx_gpio.o(i.GPIO_PinAFConfig)
    Goto_Point                               0x080016b3   Thumb Code    64  location.o(i.Goto_Point)
    HardFault_Handler                        0x080016f3   Thumb Code     4  stm32f4xx_it.o(i.HardFault_Handler)
    KEY_Init                                 0x080016f9   Thumb Code    44  key.o(i.KEY_Init)
    KEY_Scan                                 0x08001729   Thumb Code   116  key.o(i.KEY_Scan)
    LED_Init                                 0x080017a9   Thumb Code    50  led.o(i.LED_Init)
    Location_Front                           0x080017e1   Thumb Code   222  location.o(i.Location_Front)
    Location_Plot_plus                       0x080018cd   Thumb Code   614  location.o(i.Location_Plot_plus)
    Location_TIM3_init                       0x08001b59   Thumb Code    88  location.o(i.Location_TIM3_init)
    Location_TIM7_init                       0x08001bb5   Thumb Code    88  location.o(i.Location_TIM7_init)
    MYDMA_Enable                             0x08001c11   Thumb Code    44  ops.o(i.MYDMA_Enable)
    MemManage_Handler                        0x08001c3d   Thumb Code     4  stm32f4xx_it.o(i.MemManage_Handler)
    NMI_Handler                              0x08001c41   Thumb Code     2  stm32f4xx_it.o(i.NMI_Handler)
    NVIC_Init                                0x08001c45   Thumb Code   106  misc.o(i.NVIC_Init)
    NVIC_PriorityGroupConfig                 0x08001cbd   Thumb Code    10  misc.o(i.NVIC_PriorityGroupConfig)
    OPS_DMA_Init                             0x08001cd1   Thumb Code   218  ops.o(i.OPS_DMA_Init)
    OPS_DMA_init                             0x08001dc1   Thumb Code   144  ops.o(i.OPS_DMA_init)
    OPS_Init                                 0x08001e5d   Thumb Code    92  ops.o(i.OPS_Init)
    OPS_Inspection_TIM_init                  0x08001ec9   Thumb Code   102  ops.o(i.OPS_Inspection_TIM_init)
    Ops_abs                                  0x08001f35   Thumb Code    26  location.o(i.Ops_abs)
    PC_SendChar                              0x08001f51   Thumb Code    42  ops.o(i.PC_SendChar)
    PC_SendString                            0x08001f81   Thumb Code    22  ops.o(i.PC_SendString)
    Pass_Plot_plus                           0x08001f99   Thumb Code  2270  location.o(i.Pass_Plot_plus)
    Pass_Retreat                             0x08002885   Thumb Code   134  location.o(i.Pass_Retreat)
    PendSV_Handler                           0x08002919   Thumb Code     2  stm32f4xx_it.o(i.PendSV_Handler)
    Point_Init                               0x0800291b   Thumb Code    16  points.o(i.Point_Init)
    RCC_AHB1PeriphClockCmd                   0x0800292d   Thumb Code    26  stm32f4xx_rcc.o(i.RCC_AHB1PeriphClockCmd)
    RCC_APB1PeriphClockCmd                   0x0800294d   Thumb Code    26  stm32f4xx_rcc.o(i.RCC_APB1PeriphClockCmd)
    RCC_APB2PeriphClockCmd                   0x0800296d   Thumb Code    26  stm32f4xx_rcc.o(i.RCC_APB2PeriphClockCmd)
    RCC_GetClocksFreq                        0x0800298d   Thumb Code   214  stm32f4xx_rcc.o(i.RCC_GetClocksFreq)
    Raspi_uart_Init                          0x08002a75   Thumb Code   172  raspi.o(i.Raspi_uart_Init)
    Rotate_Pass                              0x08002b29   Thumb Code   232  location.o(i.Rotate_Pass)
    Rotate_Plot_plus                         0x08002c25   Thumb Code  2830  location.o(i.Rotate_Plot_plus)
    Rotate_Point                             0x08003745   Thumb Code    80  location.o(i.Rotate_Point)
    Run_Task                                 0x08003795   Thumb Code    28  tasks.o(i.Run_Task)
    SVC_Handler                              0x080037b5   Thumb Code     2  stm32f4xx_it.o(i.SVC_Handler)
    ServoCon_uart_Init                       0x080037b9   Thumb Code   140  servo.o(i.ServoCon_uart_Init)
    Slide_uart_Init                          0x0800396d   Thumb Code   226  emm_v5.o(i.Slide_uart_Init)
    SysTick_CLKSourceConfig                  0x08003a5d   Thumb Code    40  misc.o(i.SysTick_CLKSourceConfig)
    SysTick_Handler                          0x08003a85   Thumb Code     2  stm32f4xx_it.o(i.SysTick_Handler)
    SystemInit                               0x08003a89   Thumb Code    88  system_stm32f4xx.o(i.SystemInit)
    System_Resource_Init                     0x08003af1   Thumb Code   760  system_config.o(i.System_Resource_Init)
    System_Tasks_Init                        0x08003e31   Thumb Code    20  system_config.o(i.System_Tasks_Init)
    TIM3_IRQHandler                          0x08003e45   Thumb Code    80  location.o(i.TIM3_IRQHandler)
    TIM4_IRQHandler                          0x08003ea9   Thumb Code   312  ops.o(i.TIM4_IRQHandler)
    TIM7_IRQHandler                          0x0800400d   Thumb Code    62  location.o(i.TIM7_IRQHandler)
    TIM_ClearITPendingBit                    0x0800405d   Thumb Code     6  stm32f4xx_tim.o(i.TIM_ClearITPendingBit)
    TIM_Cmd                                  0x08004063   Thumb Code    24  stm32f4xx_tim.o(i.TIM_Cmd)
    TIM_GetITStatus                          0x0800407b   Thumb Code    34  stm32f4xx_tim.o(i.TIM_GetITStatus)
    TIM_ITConfig                             0x0800409d   Thumb Code    18  stm32f4xx_tim.o(i.TIM_ITConfig)
    TIM_TimeBaseInit                         0x080040b1   Thumb Code   104  stm32f4xx_tim.o(i.TIM_TimeBaseInit)
    Task_1                                   0x08004135   Thumb Code    38  tasks.o(i.Task_1)
    Task_10                                  0x08004169   Thumb Code    78  tasks.o(i.Task_10)
    Task_11                                  0x080041e1   Thumb Code    78  tasks.o(i.Task_11)
    Task_12                                  0x08004259   Thumb Code   144  tasks.o(i.Task_12)
    Task_13                                  0x08004311   Thumb Code   194  tasks.o(i.Task_13)
    Task_14                                  0x080043e5   Thumb Code    80  tasks.o(i.Task_14)
    Task_2                                   0x08004441   Thumb Code    58  tasks.o(i.Task_2)
    Task_3                                   0x08004495   Thumb Code   116  tasks.o(i.Task_3)
    Task_4                                   0x08004539   Thumb Code    70  tasks.o(i.Task_4)
    Task_5                                   0x080045a9   Thumb Code   122  tasks.o(i.Task_5)
    Task_6                                   0x08004651   Thumb Code   172  tasks.o(i.Task_6)
    Task_7                                   0x08004709   Thumb Code    60  tasks.o(i.Task_7)
    Task_8                                   0x08004759   Thumb Code   108  tasks.o(i.Task_8)
    Task_9                                   0x080047f5   Thumb Code    78  tasks.o(i.Task_9)
    UART5_IRQHandler                         0x0800486d   Thumb Code   116  emm_v5.o(i.UART5_IRQHandler)
    UART7_IRQHandler                         0x080048f1   Thumb Code   118  ops.o(i.UART7_IRQHandler)
    UART8_IRQHandler                         0x0800497d   Thumb Code   154  qrcode.o(i.UART8_IRQHandler)
    USART2_IRQHandler                        0x08004a29   Thumb Code   130  raspi.o(i.USART2_IRQHandler)
    USART3_IRQHandler                        0x08004ac1   Thumb Code   200  servo.o(i.USART3_IRQHandler)
    USART_ClearFlag                          0x08004ba9   Thumb Code    18  stm32f4xx_usart.o(i.USART_ClearFlag)
    USART_ClearITPendingBit                  0x08004bbb   Thumb Code    30  stm32f4xx_usart.o(i.USART_ClearITPendingBit)
    USART_Cmd                                0x08004bd9   Thumb Code    24  stm32f4xx_usart.o(i.USART_Cmd)
    USART_DMACmd                             0x08004bf1   Thumb Code    18  stm32f4xx_usart.o(i.USART_DMACmd)
    USART_GetFlagStatus                      0x08004c03   Thumb Code    26  stm32f4xx_usart.o(i.USART_GetFlagStatus)
    USART_GetITStatus                        0x08004c1d   Thumb Code    84  stm32f4xx_usart.o(i.USART_GetITStatus)
    USART_ITConfig                           0x08004c71   Thumb Code    74  stm32f4xx_usart.o(i.USART_ITConfig)
    USART_Init                               0x08004cbd   Thumb Code   204  stm32f4xx_usart.o(i.USART_Init)
    USART_ReceiveData                        0x08004d91   Thumb Code    10  stm32f4xx_usart.o(i.USART_ReceiveData)
    USART_SendData                           0x08004d9b   Thumb Code     8  stm32f4xx_usart.o(i.USART_SendData)
    UsageFault_Handler                       0x08004da3   Thumb Code     4  stm32f4xx_it.o(i.UsageFault_Handler)
    Visual_Location_Plot                     0x08004da9   Thumb Code   510  location.o(i.Visual_Location_Plot)
    __0vsprintf                              0x08004fdd   Thumb Code    30  printfa.o(i.__0vsprintf)
    __1vsprintf                              0x08004fdd   Thumb Code     0  printfa.o(i.__0vsprintf)
    __2vsprintf                              0x08004fdd   Thumb Code     0  printfa.o(i.__0vsprintf)
    __c89vsprintf                            0x08004fdd   Thumb Code     0  printfa.o(i.__0vsprintf)
    vsprintf                                 0x08004fdd   Thumb Code     0  printfa.o(i.__0vsprintf)
    __ARM_fpclassify                         0x08005001   Thumb Code    48  fpclassify.o(i.__ARM_fpclassify)
    __hardfp_atan                            0x08005031   Thumb Code   622  atan.o(i.__hardfp_atan)
    __hardfp_atan2                           0x08005309   Thumb Code   432  atan2.o(i.__hardfp_atan2)
    __hardfp_fabs                            0x080054f9   Thumb Code    20  fabs.o(i.__hardfp_fabs)
    __hardfp_sqrt                            0x0800550d   Thumb Code   122  sqrt.o(i.__hardfp_sqrt)
    __kernel_poly                            0x08005587   Thumb Code   248  poly.o(i.__kernel_poly)
    __mathlib_dbl_infnan                     0x0800567f   Thumb Code    20  dunder.o(i.__mathlib_dbl_infnan)
    __mathlib_dbl_infnan2                    0x08005693   Thumb Code    20  dunder.o(i.__mathlib_dbl_infnan2)
    __mathlib_dbl_underflow                  0x080056a9   Thumb Code    24  dunder.o(i.__mathlib_dbl_underflow)
    __scatterload_copy                       0x080056c9   Thumb Code    14  handlers.o(i.__scatterload_copy)
    __scatterload_null                       0x080056d7   Thumb Code     2  handlers.o(i.__scatterload_null)
    __scatterload_zeroinit                   0x080056d9   Thumb Code    14  handlers.o(i.__scatterload_zeroinit)
    __set_errno                              0x080056e9   Thumb Code     6  errno.o(i.__set_errno)
    alin                                     0x08005fb1   Thumb Code   176  tasks.o(i.alin)
    atan                                     0x08006085   Thumb Code    16  atan.o(i.atan)
    communicate_uart_init                    0x08006095   Thumb Code   164  motor.o(i.communicate_uart_init)
    delay_init                               0x08006141   Thumb Code    52  delay.o(i.delay_init)
    delay_ms                                 0x0800617d   Thumb Code    56  delay.o(i.delay_ms)
    delay_xms                                0x080061b5   Thumb Code    72  delay.o(i.delay_xms)
    fabs                                     0x08006201   Thumb Code    24  fabs.o(i.fabs)
    fifo_deQueue                             0x08006219   Thumb Code    44  emm_v5.o(i.fifo_deQueue)
    fifo_enQueue                             0x08006249   Thumb Code    42  emm_v5.o(i.fifo_enQueue)
    fifo_queueLength                         0x08006279   Thumb Code    56  emm_v5.o(i.fifo_queueLength)
    getPosition                              0x080062b5   Thumb Code    48  servo.o(i.getPosition)
    get_color                                0x080062e9   Thumb Code    70  tasks.o(i.get_color)
    itoa                                     0x0800633d   Thumb Code   150  motor.o(i.itoa)
    main                                     0x080063fd   Thumb Code    14  main.o(i.main)
    moveServo                                0x0800640d   Thumb Code    66  servo.o(i.moveServo)
    pos_x_pid                                0x08006455   Thumb Code   350  location.o(i.pos_x_pid)
    pos_y_pid                                0x080065d9   Thumb Code   350  location.o(i.pos_y_pid)
    pos_z_pid                                0x0800675d   Thumb Code   364  location.o(i.pos_z_pid)
    qrcode_scan                              0x080068f5   Thumb Code   458  tasks.o(i.qrcode_scan)
    qrcode_uart_Init                         0x08006ac1   Thumb Code   170  qrcode.o(i.qrcode_uart_Init)
    receiveHandle                            0x08006b75   Thumb Code    68  servo.o(i.receiveHandle)
    rotate_pos_x_pid                         0x08006bc9   Thumb Code   744  location.o(i.rotate_pos_x_pid)
    rotate_pos_z_pid                         0x08006ee9   Thumb Code   710  location.o(i.rotate_pos_z_pid)
    send                                     0x08007201   Thumb Code   122  motor.o(i.send)
    task_init                                0x080072b1   Thumb Code    60  tasks.o(i.task_init)
    turn_angle_caculate                      0x08007329   Thumb Code    82  location.o(i.turn_angle_caculate)
    u2_printf                                0x0800737d   Thumb Code    72  motor.o(i.u2_printf)
    uartNVICInit                             0x080073cd   Thumb Code    34  servo.o(i.uartNVICInit)
    uartWriteBuf                             0x080073f1   Thumb Code    44  servo.o(i.uartWriteBuf)
    usart_SendByte                           0x08007421   Thumb Code    54  emm_v5.o(i.usart_SendByte)
    usart_SendCmd                            0x0800745d   Thumb Code    44  emm_v5.o(i.usart_SendCmd)
    vis_pos_x_pid                            0x08007489   Thumb Code   346  location.o(i.vis_pos_x_pid)
    vis_pos_y_pid                            0x08007609   Thumb Code   346  location.o(i.vis_pos_y_pid)
    __mathlib_zero                           0x08008040   Data           8  qnan.o(.constdata)
    Region$$Table$$Base                      0x08008048   Number         0  anon$$obj.o(Region$$Table)
    Region$$Table$$Limit                     0x08008068   Number         0  anon$$obj.o(Region$$Table)
    OPS_DMA_ready                            0x20000014   Data           1  ops.o(.data)
    DMA_OPS_buf                              0x20000015   Data          48  ops.o(.data)
    X_for_DMA                                0x20000048   Data           4  ops.o(.data)
    Y_for_DMA                                0x2000004c   Data           4  ops.o(.data)
    Z_for_DMA                                0x20000050   Data           4  ops.o(.data)
    hwt101_DMA                               0x20000054   Data           4  ops.o(.data)
    code_n                                   0x20000068   Data           1  qrcode.o(.data)
    code_mid                                 0x20000069   Data           2  qrcode.o(.data)
    code                                     0x2000006b   Data           1  qrcode.o(.data)
    rxd_buf                                  0x2000006c   Data           8  raspi.o(.data)
    rxd_flag                                 0x20000074   Data           1  raspi.o(.data)
    rxd_index                                0x20000075   Data           1  raspi.o(.data)
    batteryVolt                              0x20000078   Data           2  servo.o(.data)
    now_position                             0x2000007a   Data           2  servo.o(.data)
    isUartRxCompleted                        0x2000007c   Data           1  servo.o(.data)
    rxFrameFlag                              0x20000081   Data           1  emm_v5.o(.data)
    rxCount                                  0x20000082   Data           1  emm_v5.o(.data)
    Location_X                               0x20000088   Data           4  location.o(.data)
    Location_Y                               0x2000008c   Data           4  location.o(.data)
    Locaton_Anger                            0x20000090   Data           4  location.o(.data)
    RX                                       0x20000094   Data           4  location.o(.data)
    RY                                       0x20000098   Data           4  location.o(.data)
    R                                        0x2000009c   Data           4  location.o(.data)
    R_Angle                                  0x200000a0   Data           4  location.o(.data)
    R_pidx_max                               0x200000a4   Data           4  location.o(.data)
    vel_ratio                                0x200000a8   Data           4  location.o(.data)
    TIM_delay                                0x200000ac   Data           4  location.o(.data)
    pid_out_x                                0x200000b0   Data           4  location.o(.data)
    pid_out_y                                0x200000b4   Data           4  location.o(.data)
    pid_out_z                                0x200000b8   Data           4  location.o(.data)
    vis_pid_out_x                            0x200000bc   Data           4  location.o(.data)
    vis_pid_out_y                            0x200000c0   Data           4  location.o(.data)
    rotate_pid_out_x                         0x200000c4   Data           4  location.o(.data)
    rotate_pid_out_y                         0x200000c8   Data           4  location.o(.data)
    rotate_pid_out_z                         0x200000cc   Data           4  location.o(.data)
    center_x                                 0x200000d0   Data           4  location.o(.data)
    center_y                                 0x200000d4   Data           4  location.o(.data)
    vis_Bias_x                               0x200000d8   Data           4  location.o(.data)
    vis_Last_Bias_x                          0x200000dc   Data           4  location.o(.data)
    vis_Integral_bias_x                      0x200000e0   Data           4  location.o(.data)
    vis_Bias_y                               0x200000e4   Data           4  location.o(.data)
    vis_Last_Bias_y                          0x200000e8   Data           4  location.o(.data)
    vis_Integral_bias_y                      0x200000ec   Data           4  location.o(.data)
    rotate_Bias_x                            0x200000f0   Data           4  location.o(.data)
    rotate_Last_Bias_x                       0x200000f4   Data           4  location.o(.data)
    rotate_Integral_bias_x                   0x200000f8   Data           4  location.o(.data)
    rotate_Bias_z                            0x200000fc   Data           4  location.o(.data)
    rotate_Last_Bias_z                       0x20000100   Data           4  location.o(.data)
    rotate_Integral_bias_z                   0x20000104   Data           4  location.o(.data)
    Bias_x                                   0x20000108   Data           4  location.o(.data)
    Last_Bias_x                              0x2000010c   Data           4  location.o(.data)
    Integral_bias_x                          0x20000110   Data           4  location.o(.data)
    Bias_y                                   0x20000114   Data           4  location.o(.data)
    Last_Bias_y                              0x20000118   Data           4  location.o(.data)
    Integral_bias_y                          0x2000011c   Data           4  location.o(.data)
    Bias_z                                   0x20000120   Data           4  location.o(.data)
    Last_Bias_z                              0x20000124   Data           4  location.o(.data)
    Bias_Intergral                           0x20000128   Data           4  location.o(.data)
    data_commit_flag                         0x2000012c   Data           1  system_config.o(.data)
    final_x                                  0x20000130   Data           4  system_config.o(.data)
    final_y                                  0x20000134   Data           4  system_config.o(.data)
    identify_color                           0x20000138   Data           4  tasks.o(.data)
    DT_rotate                                0x2000013c   Data           4  tasks.o(.data)
    EX                                       0x20000140   Data           4  tasks.o(.data)
    EY                                       0x20000144   Data           4  tasks.o(.data)
    USART6_RX_BUF                            0x2000014c   Data         255  motor.o(.bss)
    USART6_TX_BUF                            0x2000024b   Data         255  motor.o(.bss)
    string1                                  0x2000034a   Data          16  motor.o(.bss)
    string2                                  0x2000035a   Data          16  motor.o(.bss)
    string3                                  0x2000036a   Data          16  motor.o(.bss)
    string4                                  0x2000037a   Data          16  motor.o(.bss)
    string5                                  0x2000038a   Data          16  motor.o(.bss)
    string6                                  0x2000039a   Data          16  motor.o(.bss)
    string7                                  0x200003aa   Data          16  motor.o(.bss)
    OPS                                      0x200003bc   Data          32  ops.o(.bss)
    RobotTxBuf                               0x200003dc   Data         128  servo.o(.bss)
    RobotRxBuf                               0x2000045c   Data          16  servo.o(.bss)
    UART_RX_BUF                              0x2000046c   Data          16  servo.o(.bss)
    rxFIFO                                   0x2000047c   Data         258  emm_v5.o(.bss)
    rxCmd                                    0x2000057e   Data         128  emm_v5.o(.bss)
    Reference_Position                       0x20000600   Data          12  location.o(.bss)
    goods                                    0x2000060c   Data          62  system_config.o(.bss)
    points                                   0x2000064c   Data         576  system_config.o(.bss)
    position_color                           0x2000088c   Data          20  tasks.o(.bss)
    position_letter                          0x200008a0   Data          12  tasks.o(.bss)
    tasks                                    0x200008ac   Data         120  tasks.o(.bss)
    __initial_sp                             0x20000d28   Data           0  startup_stm32f429_439xx.o(STACK)



==============================================================================

Memory Map of the image

  Image Entry point : 0x080001c1

  Load Region LR_1 (Base: 0x08000000, Size: 0x000081b4, Max: 0xffffffff, ABSOLUTE, COMPRESSED[0x00008088])

    Execution Region ER_RO (Base: 0x08000000, Size: 0x00008068, Max: 0xffffffff, ABSOLUTE)

    Base Addr    Size         Type   Attr      Idx    E Section Name        Object

    0x08000000   0x000001ac   Data   RO            3    RESET               startup_stm32f429_439xx.o
    0x080001ac   0x00000000   Code   RO         3125  * .ARM.Collect$$$$00000000  mc_w.l(entry.o)
    0x080001ac   0x00000004   Code   RO         3207    .ARM.Collect$$$$00000001  mc_w.l(entry2.o)
    0x080001b0   0x00000004   Code   RO         3210    .ARM.Collect$$$$00000004  mc_w.l(entry5.o)
    0x080001b4   0x00000000   Code   RO         3212    .ARM.Collect$$$$00000008  mc_w.l(entry7b.o)
    0x080001b4   0x00000000   Code   RO         3214    .ARM.Collect$$$$0000000A  mc_w.l(entry8b.o)
    0x080001b4   0x00000008   Code   RO         3215    .ARM.Collect$$$$0000000B  mc_w.l(entry9a.o)
    0x080001bc   0x00000000   Code   RO         3217    .ARM.Collect$$$$0000000D  mc_w.l(entry10a.o)
    0x080001bc   0x00000000   Code   RO         3219    .ARM.Collect$$$$0000000F  mc_w.l(entry11a.o)
    0x080001bc   0x00000004   Code   RO         3208    .ARM.Collect$$$$00002712  mc_w.l(entry2.o)
    0x080001c0   0x00000024   Code   RO            4  * .text               startup_stm32f429_439xx.o
    0x080001e4   0x000000d8   Code   RO         3028    .text               arm_cortexM4lf_math.lib(arm_cos_f32.o)
    0x080002bc   0x000000d8   Code   RO         3075    .text               arm_cortexM4lf_math.lib(arm_sin_f32.o)
    0x08000394   0x00000024   Code   RO         3128    .text               mc_w.l(memcpya.o)
    0x080003b8   0x0000000e   Code   RO         3132    .text               mc_w.l(strlen.o)
    0x080003c6   0x0000014e   Code   RO         3164    .text               mf_w.l(dadd.o)
    0x08000514   0x000000e4   Code   RO         3166    .text               mf_w.l(dmul.o)
    0x080005f8   0x000000de   Code   RO         3168    .text               mf_w.l(ddiv.o)
    0x080006d6   0x00000026   Code   RO         3170    .text               mf_w.l(f2d.o)
    0x080006fc   0x00000030   Code   RO         3172    .text               mf_w.l(cdcmple.o)
    0x0800072c   0x00000030   Code   RO         3174    .text               mf_w.l(cdrcmple.o)
    0x0800075c   0x00000038   Code   RO         3176    .text               mf_w.l(d2f.o)
    0x08000794   0x0000002c   Code   RO         3224    .text               mc_w.l(uidiv.o)
    0x080007c0   0x00000062   Code   RO         3226    .text               mc_w.l(uldiv.o)
    0x08000822   0x0000001e   Code   RO         3228    .text               mc_w.l(llshl.o)
    0x08000840   0x00000024   Code   RO         3230    .text               mc_w.l(llsshr.o)
    0x08000864   0x00000000   Code   RO         3239    .text               mc_w.l(iusefp.o)
    0x08000864   0x0000006e   Code   RO         3240    .text               mf_w.l(fepilogue.o)
    0x080008d2   0x000000ba   Code   RO         3242    .text               mf_w.l(depilogue.o)
    0x0800098c   0x000000a2   Code   RO         3246    .text               mf_w.l(dsqrt.o)
    0x08000a2e   0x00000030   Code   RO         3248    .text               mf_w.l(dfixul.o)
    0x08000a5e   0x00000002   PAD
    0x08000a60   0x00000024   Code   RO         3254    .text               mc_w.l(init.o)
    0x08000a84   0x00000020   Code   RO         3257    .text               mc_w.l(llushr.o)
    0x08000aa4   0x00000056   Code   RO         3268    .text               mc_w.l(__dczerorl2.o)
    0x08000afa   0x00000002   PAD
    0x08000afc   0x00000040   Code   RO         2446    i.Absolute_Location_Plot  location.o
    0x08000b3c   0x00000040   Code   RO         2447    i.Absolute_Pass_Plot  location.o
    0x08000b7c   0x00000058   Code   RO         2448    i.Absolute_Rotate_Plot  location.o
    0x08000bd4   0x000000d4   Code   RO         2724    i.Alin              tasks.o
    0x08000ca8   0x0000009c   Code   RO         2449    i.Alin_Point        location.o
    0x08000d44   0x00000174   Code   RO         2725    i.Alin_high         tasks.o
    0x08000eb8   0x000000f8   Code   RO         2726    i.Alin_low          tasks.o
    0x08000fb0   0x00000190   Code   RO         2647    i.AllPoint_Init     points.o
    0x08001140   0x00000040   Code   RO         1761    i.BEEP_Init         buzzer.o
    0x08001180   0x00000004   Code   RO         2953    i.BusFault_Handler  stm32f4xx_it.o
    0x08001184   0x0000012c   Code   RO         1961    i.Cali_Ops          ops.o
    0x080012b0   0x00000034   Code   RO          333    i.DMA_ClearFlag     stm32f4xx_dma.o
    0x080012e4   0x00000016   Code   RO          335    i.DMA_Cmd           stm32f4xx_dma.o
    0x080012fa   0x00000002   PAD
    0x080012fc   0x00000158   Code   RO          336    i.DMA_DeInit        stm32f4xx_dma.o
    0x08001454   0x00000014   Code   RO          340    i.DMA_GetCmdStatus  stm32f4xx_dma.o
    0x08001468   0x00000044   Code   RO          344    i.DMA_GetFlagStatus  stm32f4xx_dma.o
    0x080014ac   0x00000058   Code   RO          347    i.DMA_Init          stm32f4xx_dma.o
    0x08001504   0x00000004   Code   RO          350    i.DMA_SetCurrDataCounter  stm32f4xx_dma.o
    0x08001508   0x00000002   Code   RO         2954    i.DebugMon_Handler  stm32f4xx_it.o
    0x0800150a   0x00000034   Code   RO         2258    i.Emm_V5_Origin_Trigger_Return  emm_v5.o
    0x0800153e   0x0000006c   Code   RO         2259    i.Emm_V5_Pos_Control  emm_v5.o
    0x080015aa   0x00000002   PAD
    0x080015ac   0x00000018   Code   RO         1880    i.Flash_OFF         led.o
    0x080015c4   0x00000018   Code   RO         1881    i.Flash_ON          led.o
    0x080015dc   0x00000090   Code   RO          524    i.GPIO_Init         stm32f4xx_gpio.o
    0x0800166c   0x00000046   Code   RO          525    i.GPIO_PinAFConfig  stm32f4xx_gpio.o
    0x080016b2   0x00000040   Code   RO         2450    i.Goto_Point        location.o
    0x080016f2   0x00000004   Code   RO         2955    i.HardFault_Handler  stm32f4xx_it.o
    0x080016f6   0x00000002   PAD
    0x080016f8   0x00000030   Code   RO         1853    i.KEY_Init          key.o
    0x08001728   0x00000080   Code   RO         1854    i.KEY_Scan          key.o
    0x080017a8   0x00000038   Code   RO         1882    i.LED_Init          led.o
    0x080017e0   0x000000ec   Code   RO         2451    i.Location_Front    location.o
    0x080018cc   0x0000028c   Code   RO         2452    i.Location_Plot_plus  location.o
    0x08001b58   0x0000005c   Code   RO         2454    i.Location_TIM3_init  location.o
    0x08001bb4   0x0000005c   Code   RO         2455    i.Location_TIM7_init  location.o
    0x08001c10   0x0000002c   Code   RO         1962    i.MYDMA_Enable      ops.o
    0x08001c3c   0x00000004   Code   RO         2956    i.MemManage_Handler  stm32f4xx_it.o
    0x08001c40   0x00000002   Code   RO         2957    i.NMI_Handler       stm32f4xx_it.o
    0x08001c42   0x00000002   PAD
    0x08001c44   0x00000078   Code   RO           12    i.NVIC_Init         misc.o
    0x08001cbc   0x00000014   Code   RO           13    i.NVIC_PriorityGroupConfig  misc.o
    0x08001cd0   0x000000f0   Code   RO         1963    i.OPS_DMA_Init      ops.o
    0x08001dc0   0x0000009c   Code   RO         1964    i.OPS_DMA_init      ops.o
    0x08001e5c   0x0000006c   Code   RO         1965    i.OPS_Init          ops.o
    0x08001ec8   0x0000006c   Code   RO         1966    i.OPS_Inspection_TIM_init  ops.o
    0x08001f34   0x0000001a   Code   RO         2457    i.Ops_abs           location.o
    0x08001f4e   0x00000002   PAD
    0x08001f50   0x00000030   Code   RO         1967    i.PC_SendChar       ops.o
    0x08001f80   0x00000016   Code   RO         1968    i.PC_SendString     ops.o
    0x08001f96   0x00000002   PAD
    0x08001f98   0x000008ec   Code   RO         2458    i.Pass_Plot_plus    location.o
    0x08002884   0x00000094   Code   RO         2461    i.Pass_Retreat      location.o
    0x08002918   0x00000002   Code   RO         2958    i.PendSV_Handler    stm32f4xx_it.o
    0x0800291a   0x00000010   Code   RO         2648    i.Point_Init        points.o
    0x0800292a   0x00000002   PAD
    0x0800292c   0x00000020   Code   RO          621    i.RCC_AHB1PeriphClockCmd  stm32f4xx_rcc.o
    0x0800294c   0x00000020   Code   RO          630    i.RCC_APB1PeriphClockCmd  stm32f4xx_rcc.o
    0x0800296c   0x00000020   Code   RO          633    i.RCC_APB2PeriphClockCmd  stm32f4xx_rcc.o
    0x0800298c   0x000000e8   Code   RO          642    i.RCC_GetClocksFreq  stm32f4xx_rcc.o
    0x08002a74   0x000000b4   Code   RO         2106    i.Raspi_uart_Init   raspi.o
    0x08002b28   0x000000fc   Code   RO         2462    i.Rotate_Pass       location.o
    0x08002c24   0x00000b20   Code   RO         2463    i.Rotate_Plot_plus  location.o
    0x08003744   0x00000050   Code   RO         2464    i.Rotate_Point      location.o
    0x08003794   0x00000020   Code   RO         2727    i.Run_Task          tasks.o
    0x080037b4   0x00000002   Code   RO         2959    i.SVC_Handler       stm32f4xx_it.o
    0x080037b6   0x00000002   PAD
    0x080037b8   0x00000094   Code   RO         2144    i.ServoCon_uart_Init  servo.o
    0x0800384c   0x00000120   Code   RO         2894    i.SetSysClock       system_stm32f4xx.o
    0x0800396c   0x000000f0   Code   RO         2266    i.Slide_uart_Init   emm_v5.o
    0x08003a5c   0x00000028   Code   RO           16    i.SysTick_CLKSourceConfig  misc.o
    0x08003a84   0x00000002   Code   RO         2960    i.SysTick_Handler   stm32f4xx_it.o
    0x08003a86   0x00000002   PAD
    0x08003a88   0x00000068   Code   RO         2896    i.SystemInit        system_stm32f4xx.o
    0x08003af0   0x00000340   Code   RO         2691    i.System_Resource_Init  system_config.o
    0x08003e30   0x00000014   Code   RO         2692    i.System_Tasks_Init  system_config.o
    0x08003e44   0x00000064   Code   RO         2465    i.TIM3_IRQHandler   location.o
    0x08003ea8   0x00000164   Code   RO         1970    i.TIM4_IRQHandler   ops.o
    0x0800400c   0x00000050   Code   RO         2466    i.TIM7_IRQHandler   location.o
    0x0800405c   0x00000006   Code   RO         1022    i.TIM_ClearITPendingBit  stm32f4xx_tim.o
    0x08004062   0x00000018   Code   RO         1027    i.TIM_Cmd           stm32f4xx_tim.o
    0x0800407a   0x00000022   Code   RO         1048    i.TIM_GetITStatus   stm32f4xx_tim.o
    0x0800409c   0x00000012   Code   RO         1052    i.TIM_ITConfig      stm32f4xx_tim.o
    0x080040ae   0x00000002   PAD
    0x080040b0   0x00000084   Code   RO         1099    i.TIM_TimeBaseInit  stm32f4xx_tim.o
    0x08004134   0x00000034   Code   RO         2728    i.Task_1            tasks.o
    0x08004168   0x00000078   Code   RO         2729    i.Task_10           tasks.o
    0x080041e0   0x00000078   Code   RO         2730    i.Task_11           tasks.o
    0x08004258   0x000000b8   Code   RO         2731    i.Task_12           tasks.o
    0x08004310   0x000000d4   Code   RO         2732    i.Task_13           tasks.o
    0x080043e4   0x0000005c   Code   RO         2733    i.Task_14           tasks.o
    0x08004440   0x00000054   Code   RO         2734    i.Task_2            tasks.o
    0x08004494   0x000000a4   Code   RO         2735    i.Task_3            tasks.o
    0x08004538   0x00000070   Code   RO         2736    i.Task_4            tasks.o
    0x080045a8   0x000000a8   Code   RO         2737    i.Task_5            tasks.o
    0x08004650   0x000000b8   Code   RO         2738    i.Task_6            tasks.o
    0x08004708   0x00000050   Code   RO         2739    i.Task_7            tasks.o
    0x08004758   0x0000009c   Code   RO         2740    i.Task_8            tasks.o
    0x080047f4   0x00000078   Code   RO         2741    i.Task_9            tasks.o
    0x0800486c   0x00000084   Code   RO         2267    i.UART5_IRQHandler  emm_v5.o
    0x080048f0   0x0000008c   Code   RO         1971    i.UART7_IRQHandler  ops.o
    0x0800497c   0x000000ac   Code   RO         2073    i.UART8_IRQHandler  qrcode.o
    0x08004a28   0x00000098   Code   RO         2107    i.USART2_IRQHandler  raspi.o
    0x08004ac0   0x000000e8   Code   RO         2145    i.USART3_IRQHandler  servo.o
    0x08004ba8   0x00000012   Code   RO         1573    i.USART_ClearFlag   stm32f4xx_usart.o
    0x08004bba   0x0000001e   Code   RO         1574    i.USART_ClearITPendingBit  stm32f4xx_usart.o
    0x08004bd8   0x00000018   Code   RO         1577    i.USART_Cmd         stm32f4xx_usart.o
    0x08004bf0   0x00000012   Code   RO         1578    i.USART_DMACmd      stm32f4xx_usart.o
    0x08004c02   0x0000001a   Code   RO         1580    i.USART_GetFlagStatus  stm32f4xx_usart.o
    0x08004c1c   0x00000054   Code   RO         1581    i.USART_GetITStatus  stm32f4xx_usart.o
    0x08004c70   0x0000004a   Code   RO         1583    i.USART_ITConfig    stm32f4xx_usart.o
    0x08004cba   0x00000002   PAD
    0x08004cbc   0x000000d4   Code   RO         1584    i.USART_Init        stm32f4xx_usart.o
    0x08004d90   0x0000000a   Code   RO         1591    i.USART_ReceiveData  stm32f4xx_usart.o
    0x08004d9a   0x00000008   Code   RO         1594    i.USART_SendData    stm32f4xx_usart.o
    0x08004da2   0x00000004   Code   RO         2961    i.UsageFault_Handler  stm32f4xx_it.o
    0x08004da6   0x00000002   PAD
    0x08004da8   0x00000234   Code   RO         2467    i.Visual_Location_Plot  location.o
    0x08004fdc   0x00000024   Code   RO         3143    i.__0vsprintf       mc_w.l(printfa.o)
    0x08005000   0x00000030   Code   RO         3250    i.__ARM_fpclassify  m_wm.l(fpclassify.o)
    0x08005030   0x000002d8   Code   RO         3178    i.__hardfp_atan     m_wm.l(atan.o)
    0x08005308   0x000001f0   Code   RO         3095    i.__hardfp_atan2    m_wm.l(atan2.o)
    0x080054f8   0x00000014   Code   RO         3107    i.__hardfp_fabs     m_wm.l(fabs.o)
    0x0800550c   0x0000007a   Code   RO         3113    i.__hardfp_sqrt     m_wm.l(sqrt.o)
    0x08005586   0x000000f8   Code   RO         3252    i.__kernel_poly     m_wm.l(poly.o)
    0x0800567e   0x00000014   Code   RO         3193    i.__mathlib_dbl_infnan  m_wm.l(dunder.o)
    0x08005692   0x00000014   Code   RO         3194    i.__mathlib_dbl_infnan2  m_wm.l(dunder.o)
    0x080056a6   0x00000002   PAD
    0x080056a8   0x00000020   Code   RO         3198    i.__mathlib_dbl_underflow  m_wm.l(dunder.o)
    0x080056c8   0x0000000e   Code   RO         3262    i.__scatterload_copy  mc_w.l(handlers.o)
    0x080056d6   0x00000002   Code   RO         3263    i.__scatterload_null  mc_w.l(handlers.o)
    0x080056d8   0x0000000e   Code   RO         3264    i.__scatterload_zeroinit  mc_w.l(handlers.o)
    0x080056e6   0x00000002   PAD
    0x080056e8   0x0000000c   Code   RO         3234    i.__set_errno       mc_w.l(errno.o)
    0x080056f4   0x00000184   Code   RO         3144    i._fp_digits        mc_w.l(printfa.o)
    0x08005878   0x000006dc   Code   RO         3145    i._printf_core      mc_w.l(printfa.o)
    0x08005f54   0x00000024   Code   RO         3146    i._printf_post_padding  mc_w.l(printfa.o)
    0x08005f78   0x0000002e   Code   RO         3147    i._printf_pre_padding  mc_w.l(printfa.o)
    0x08005fa6   0x0000000a   Code   RO         3149    i._sputc            mc_w.l(printfa.o)
    0x08005fb0   0x000000d4   Code   RO         2742    i.alin              tasks.o
    0x08006084   0x00000010   Code   RO         3180    i.atan              m_wm.l(atan.o)
    0x08006094   0x000000ac   Code   RO         1912    i.communicate_uart_init  motor.o
    0x08006140   0x0000003c   Code   RO         2406    i.delay_init        delay.o
    0x0800617c   0x00000038   Code   RO         2407    i.delay_ms          delay.o
    0x080061b4   0x0000004c   Code   RO         2409    i.delay_xms         delay.o
    0x08006200   0x00000018   Code   RO         3109    i.fabs              m_wm.l(fabs.o)
    0x08006218   0x00000030   Code   RO         2268    i.fifo_deQueue      emm_v5.o
    0x08006248   0x00000030   Code   RO         2269    i.fifo_enQueue      emm_v5.o
    0x08006278   0x0000003c   Code   RO         2271    i.fifo_queueLength  emm_v5.o
    0x080062b4   0x00000034   Code   RO         2147    i.getPosition       servo.o
    0x080062e8   0x00000054   Code   RO         2743    i.get_color         tasks.o
    0x0800633c   0x000000c0   Code   RO         1913    i.itoa              motor.o
    0x080063fc   0x0000000e   Code   RO         2874    i.main              main.o
    0x0800640a   0x00000002   PAD
    0x0800640c   0x00000048   Code   RO         2148    i.moveServo         servo.o
    0x08006454   0x00000184   Code   RO         2468    i.pos_x_pid         location.o
    0x080065d8   0x00000184   Code   RO         2469    i.pos_y_pid         location.o
    0x0800675c   0x00000198   Code   RO         2470    i.pos_z_pid         location.o
    0x080068f4   0x000001ca   Code   RO         2744    i.qrcode_scan       tasks.o
    0x08006abe   0x00000002   PAD
    0x08006ac0   0x000000b4   Code   RO         2074    i.qrcode_uart_Init  qrcode.o
    0x08006b74   0x00000054   Code   RO         2151    i.receiveHandle     servo.o
    0x08006bc8   0x00000320   Code   RO         2471    i.rotate_pos_x_pid  location.o
    0x08006ee8   0x00000318   Code   RO         2472    i.rotate_pos_z_pid  location.o
    0x08007200   0x000000b0   Code   RO         1914    i.send              motor.o
    0x080072b0   0x00000078   Code   RO         2745    i.task_init         tasks.o
    0x08007328   0x00000052   Code   RO         2473    i.turn_angle_caculate  location.o
    0x0800737a   0x00000002   PAD
    0x0800737c   0x00000050   Code   RO         1915    i.u2_printf         motor.o
    0x080073cc   0x00000022   Code   RO         2156    i.uartNVICInit      servo.o
    0x080073ee   0x00000002   PAD
    0x080073f0   0x00000030   Code   RO         2157    i.uartWriteBuf      servo.o
    0x08007420   0x0000003c   Code   RO         2273    i.usart_SendByte    emm_v5.o
    0x0800745c   0x0000002c   Code   RO         2274    i.usart_SendCmd     emm_v5.o
    0x08007488   0x00000180   Code   RO         2474    i.vis_pos_x_pid     location.o
    0x08007608   0x00000180   Code   RO         2475    i.vis_pos_y_pid     location.o
    0x08007788   0x00000410   Data   RO         3029    .constdata          arm_cortexM4lf_math.lib(arm_cos_f32.o)
    0x08007b98   0x0000040c   Data   RO         3076    .constdata          arm_cortexM4lf_math.lib(arm_sin_f32.o)
    0x08007fa4   0x00000004   PAD
    0x08007fa8   0x00000098   Data   RO         3181    .constdata          m_wm.l(atan.o)
    0x08008040   0x00000008   Data   RO         3206    .constdata          m_wm.l(qnan.o)
    0x08008048   0x00000020   Data   RO         3260    Region$$Table       anon$$obj.o


    Execution Region ER_RW (Base: 0x20000000, Size: 0x0000014c, Max: 0xffffffff, ABSOLUTE, COMPRESSED[0x00000020])

    Base Addr    Size         Type   Attr      Idx    E Section Name        Object

    0x20000000   0x00000010   Data   RW          674    .data               stm32f4xx_rcc.o
    0x20000010   0x00000001   Data   RW         1855    .data               key.o
    0x20000011   0x00000003   PAD
    0x20000014   0x00000054   Data   RW         1978    .data               ops.o
    0x20000068   0x00000004   Data   RW         2075    .data               qrcode.o
    0x2000006c   0x0000000b   Data   RW         2109    .data               raspi.o
    0x20000077   0x00000001   PAD
    0x20000078   0x00000009   Data   RW         2159    .data               servo.o
    0x20000081   0x00000002   Data   RW         2276    .data               emm_v5.o
    0x20000083   0x00000001   PAD
    0x20000084   0x00000004   Data   RW         2410    .data               delay.o
    0x20000088   0x000000a4   Data   RW         2477    .data               location.o
    0x2000012c   0x0000000c   Data   RW         2694    .data               system_config.o
    0x20000138   0x00000010   Data   RW         2747    .data               tasks.o
    0x20000148   0x00000004   Data   RW         3235    .data               mc_w.l(errno.o)


    Execution Region ER_ZI (Base: 0x2000014c, Size: 0x00000bdc, Max: 0xffffffff, ABSOLUTE)

    Base Addr    Size         Type   Attr      Idx    E Section Name        Object

    0x2000014c   0x0000026e   Zero   RW         1916    .bss                motor.o
    0x200003ba   0x00000002   PAD
    0x200003bc   0x00000020   Zero   RW         1976    .bss                ops.o
    0x200003dc   0x000000a0   Zero   RW         2158    .bss                servo.o
    0x2000047c   0x00000182   Zero   RW         2275    .bss                emm_v5.o
    0x200005fe   0x00000002   PAD
    0x20000600   0x0000000c   Zero   RW         2476    .bss                location.o
    0x2000060c   0x00000280   Zero   RW         2693    .bss                system_config.o
    0x2000088c   0x00000098   Zero   RW         2746    .bss                tasks.o
    0x20000924   0x00000004   PAD
    0x20000928   0x00000400   Zero   RW            1    STACK               startup_stm32f429_439xx.o


==============================================================================

Image component sizes


      Code (inc. data)   RO Data    RW Data    ZI Data      Debug   Object Name

        64          8          0          0          0       2436   buzzer.o
       192         12          0          4          0       2008   delay.o
       792         50          0          2        386       7210   emm_v5.o
       176         16          0          1          0       1250   key.o
       104         26          0          0          0       1498   led.o
     11516        832          0        164         12      21957   location.o
        14          0          0          0          0        483   main.o
       180         24          0          0          0     302969   misc.o
       620        112          0          0        622       4861   motor.o
      1522        152          0         84         32       9670   ops.o
       416         86          0          0          0       1645   points.o
       352         28          0          4          0       2053   qrcode.o
       332         30          0         11          0       2203   raspi.o
       670         70          0          9        160       6488   servo.o
        36          8        428          0       1024        884   startup_stm32f429_439xx.o
       598         54          0          0          0       5746   stm32f4xx_dma.o
       214          0          0          0          0       1811   stm32f4xx_gpio.o
        26          0          0          0          0       4202   stm32f4xx_it.o
       328         36          0         16          0       4703   stm32f4xx_rcc.o
       214         28          0          0          0       3758   stm32f4xx_tim.o
       504          8          0          0          0       7480   stm32f4xx_usart.o
       852         72          0         12        640       2555   system_config.o
       392         32          0          0          0       1553   system_stm32f4xx.o
      3586        668          0         16        152      13351   tasks.o

    ----------------------------------------------------------------------
     23732       2352        460        328       3036     412774   Object Totals
         0          0         32          0          0          0   (incl. Generated)
        32          0          0          5          8          0   (incl. Padding)

    ----------------------------------------------------------------------

      Code (inc. data)   RO Data    RW Data    ZI Data      Debug   Library Member Name

       216         22       1040          0          0      16570   arm_cos_f32.o
       216         22       1036          0          0       1382   arm_sin_f32.o
       744        106        152          0          0        352   atan.o
       496         64          0          0          0        192   atan2.o
        72          8          0          0          0        372   dunder.o
        44          0          0          0          0        248   fabs.o
        48          0          0          0          0        124   fpclassify.o
       248          0          0          0          0        152   poly.o
         0          0          8          0          0          0   qnan.o
       122          0          0          0          0        148   sqrt.o
        86          0          0          0          0          0   __dczerorl2.o
         0          0          0          0          0          0   entry.o
         0          0          0          0          0          0   entry10a.o
         0          0          0          0          0          0   entry11a.o
         8          4          0          0          0          0   entry2.o
         4          0          0          0          0          0   entry5.o
         0          0          0          0          0          0   entry7b.o
         0          0          0          0          0          0   entry8b.o
         8          4          0          0          0          0   entry9a.o
        12          6          0          4          0         68   errno.o
        30          0          0          0          0          0   handlers.o
        36          8          0          0          0         68   init.o
         0          0          0          0          0          0   iusefp.o
        30          0          0          0          0         68   llshl.o
        36          0          0          0          0         68   llsshr.o
        32          0          0          0          0         68   llushr.o
        36          0          0          0          0         68   memcpya.o
      2272         86          0          0          0        516   printfa.o
        14          0          0          0          0         68   strlen.o
        44          0          0          0          0         80   uidiv.o
        98          0          0          0          0         92   uldiv.o
        48          0          0          0          0         68   cdcmple.o
        48          0          0          0          0         68   cdrcmple.o
        56          0          0          0          0         88   d2f.o
       334          0          0          0          0        148   dadd.o
       222          0          0          0          0        100   ddiv.o
       186          0          0          0          0        176   depilogue.o
        48          0          0          0          0         68   dfixul.o
       228          0          0          0          0         96   dmul.o
       162          0          0          0          0        100   dsqrt.o
        38          0          0          0          0         68   f2d.o
       110          0          0          0          0        168   fepilogue.o

    ----------------------------------------------------------------------
      6440        330       2240          4          0      21852   Library Totals
         8          0          4          0          0          0   (incl. Padding)

    ----------------------------------------------------------------------

      Code (inc. data)   RO Data    RW Data    ZI Data      Debug   Library Name

       432         44       2076          0          0      17952   arm_cortexM4lf_math.lib
      1774        178        160          0          0       1588   m_wm.l
      2746        108          0          4          0       1164   mc_w.l
      1480          0          0          0          0       1148   mf_w.l

    ----------------------------------------------------------------------
      6440        330       2240          4          0      21852   Library Totals

    ----------------------------------------------------------------------

==============================================================================


      Code (inc. data)   RO Data    RW Data    ZI Data      Debug   

     30172       2682       2700        332       3036     419714   Grand Totals
     30172       2682       2700         32       3036     419714   ELF Image Totals (compressed)
     30172       2682       2700         32          0          0   ROM Totals

==============================================================================

    Total RO  Size (Code + RO Data)                32872 (  32.10kB)
    Total RW  Size (RW Data + ZI Data)              3368 (   3.29kB)
    Total ROM Size (Code + RO Data + RW Data)      32904 (  32.13kB)

==============================================================================

